// Jest Snapshot v1, https://goo.gl/fbAQLP

exports[`<Carrinho /> nao há itens no carrinho 1`] = `
<Layout>
  <styled.div>
    <styled.table>
      <thead>
        <styled.tr>
          <styled.th>
            <Title>
              Título
            </Title>
          </styled.th>
          <styled.th>
            <Title>
              Quantidade
            </Title>
          </styled.th>
          <styled.th>
            <Title>
              Preço
            </Title>
          </styled.th>
          <styled.th>
            <Title>
              Descartar
            </Title>
          </styled.th>
        </styled.tr>
      </thead>
      <tbody>
        <withRouter(Connect(ListaCarrinho))
          item={
            Object {
              "ano": "2018",
              "autor": "Colleen Hoover",
              "genero": "romance",
              "imagem": "book1.png",
              "preco": "40.00",
              "qtd": 0,
              "situacao": "novo",
              "titulo": "É Assim Que Acaba",
            }
          }
          key="0"
        />
        <withRouter(Connect(ListaCarrinho))
          item={
            Object {
              "ano": "2016",
              "autor": "Colleen Hoover",
              "genero": "drama",
              "imagem": "book2.png",
              "preco": "18.00",
              "qtd": 0,
              "situacao": "usado",
              "titulo": "Tarde Demais",
            }
          }
          key="1"
        />
        <withRouter(Connect(ListaCarrinho))
          item={
            Object {
              "ano": "2010",
              "autor": "William Gibson",
              "genero": "ficção cientifica",
              "imagem": "book3.png",
              "preco": "32.90",
              "qtd": 0,
              "situacao": "novo",
              "titulo": "Neuromancer",
            }
          }
          key="2"
        />
        <withRouter(Connect(ListaCarrinho))
          item={
            Object {
              "ano": "1990",
              "autor": "Stephen King",
              "genero": "terror",
              "imagem": "book4.png",
              "preco": "29.50",
              "qtd": 0,
              "situacao": "usado",
              "titulo": "It - A coisa",
            }
          }
          key="3"
        />
        <withRouter(Connect(ListaCarrinho))
          item={
            Object {
              "ano": "2000",
              "autor": "George Martin",
              "genero": "fantasia",
              "imagem": "book5.png",
              "preco": "25.00",
              "qtd": 0,
              "situacao": "novo",
              "titulo": "Game of Thrones",
            }
          }
          key="4"
        />
      </tbody>
    </styled.table>
    <styled.div>
      <Title>
        Total da compra:
      </Title>
      <Text>
         R$ 
        0.00
      </Text>
    </styled.div>
    <styled.div>
      <Button
        background="green"
        className="btnFinalizar"
        onClick={[Function]}
      >
        Finalizar
      </Button>
      <Button
        background="red"
        className="btnCancelar"
        onClick={[Function]}
      >
        Cancelar
      </Button>
    </styled.div>
  </styled.div>
</Layout>
`;

exports[`<Carrinho /> should render basic infos 1`] = `
<Layout>
  <styled.div>
    <styled.table>
      <thead>
        <styled.tr>
          <styled.th>
            <Title>
              Título
            </Title>
          </styled.th>
          <styled.th>
            <Title>
              Quantidade
            </Title>
          </styled.th>
          <styled.th>
            <Title>
              Preço
            </Title>
          </styled.th>
          <styled.th>
            <Title>
              Descartar
            </Title>
          </styled.th>
        </styled.tr>
      </thead>
      <tbody>
        <withRouter(Connect(ListaCarrinho))
          item={
            Object {
              "ano": "2018",
              "autor": "Colleen Hoover",
              "genero": "romance",
              "imagem": "book1.png",
              "preco": "40.00",
              "qtd": 0,
              "situacao": "novo",
              "titulo": "É Assim Que Acaba",
            }
          }
          key="0"
        />
        <withRouter(Connect(ListaCarrinho))
          item={
            Object {
              "ano": "2016",
              "autor": "Colleen Hoover",
              "genero": "drama",
              "imagem": "book2.png",
              "preco": "18.00",
              "qtd": 0,
              "situacao": "usado",
              "titulo": "Tarde Demais",
            }
          }
          key="1"
        />
        <withRouter(Connect(ListaCarrinho))
          item={
            Object {
              "ano": "2010",
              "autor": "William Gibson",
              "genero": "ficção cientifica",
              "imagem": "book3.png",
              "preco": "32.90",
              "qtd": 0,
              "situacao": "novo",
              "titulo": "Neuromancer",
            }
          }
          key="2"
        />
        <withRouter(Connect(ListaCarrinho))
          item={
            Object {
              "ano": "1990",
              "autor": "Stephen King",
              "genero": "terror",
              "imagem": "book4.png",
              "preco": "29.50",
              "qtd": 0,
              "situacao": "usado",
              "titulo": "It - A coisa",
            }
          }
          key="3"
        />
        <withRouter(Connect(ListaCarrinho))
          item={
            Object {
              "ano": "2000",
              "autor": "George Martin",
              "genero": "fantasia",
              "imagem": "book5.png",
              "preco": "25.00",
              "qtd": 0,
              "situacao": "novo",
              "titulo": "Game of Thrones",
            }
          }
          key="4"
        />
      </tbody>
    </styled.table>
    <styled.div>
      <Title>
        Total da compra:
      </Title>
      <Text>
         R$ 
        0.00
      </Text>
    </styled.div>
    <styled.div>
      <Button
        background="green"
        className="btnFinalizar"
        onClick={[Function]}
      >
        Finalizar
      </Button>
      <Button
        background="red"
        className="btnCancelar"
        onClick={[Function]}
      >
        Cancelar
      </Button>
    </styled.div>
  </styled.div>
</Layout>
`;
